 This test probably passes, but who knows ?
RGBDS
H
E
L
L
O
 
W
O
R
L
D
