hi
block (/* ... */) comments at ends of line are fine
mutliline
