error: ROMX sections can't be used with option -t.
