error: Unable to place 'v1' (VRAM section) in any bank
