ERROR: local-without-parent.asm(2):
    Local label in main scope
