error: cascading-errors-fatal-assert.asm(1): Unknown symbol "UnknownSymbol"
fatal: cascading-errors-fatal-assert.asm(1): couldn't evaluate assertion
Linking aborted after 2 errors
