macro q
println\1,"\1"
endm
 q"macro q\nprintln\\1,\"\\1\"\nendm\n q"
