ERROR: macro-@.asm(1) -> @(-1):
	Macro '@' not defined
