error: Section "conflicting alignment" is defined with conflicting 4-byte alignment (offset 0) and address $cafe
---
ERROR: -(18):
    Section "conflicting alignment" already declared as aligned to 4 bytes (offset 0)
ERROR: -(18):
    Cannot create section "conflicting alignment" (1 errors)
