$2A
2a
2A
42
101010
10100111001
0
You can't format me!
0
0
