this is not commented out
this is not commented out
