ERROR: null-in-macro.asm(1):
	Unterminated MACRO definition
