error: Different attributes for "sec" in source and linkerscript

