AazaZ
AazazaZ
AazazazaZ
AazazazazaZ
AazazazazazaZ
Aazazazazazaza
n=6 x=6
