A
B
C
A
B
C
BC
ABC
BC

ABC
AB
BC
BC
BC
ABC



カタ
カナ
カナ
g
g̈
