error: script-lone-percent.link(1): No binary digits found after '%'
Linking failed with 1 error
