error: script-unknown-section.link(2): Unknown section "Wheeee"
Linking failed with 1 error
