ERROR: divzero-section-bank.asm(1):
    Division by zero
