$FFFFFFE5
$1B
$4
$FFFFFFFC
$0
$0
$0
$0
$0
$0
$0
$0
$FFFFFE86
$17A
$0
$0
$0
$0
$0
$0
$0
$0
$FFFFFFBB
$45
$0
$0
$0
$0
$0
$0
$0
$0
$0
$0
$FFFFFFD6
$2A
