sect1: $23 $0 $4567
sect1: $23 $2A $4567
sect2: $0 $0 $0
sect3: $12 $0 $4567
