error: Unable to place "r0a" (ROM0 section) anywhere
