error: Section "overlaid data" is of type ROM0, which cannot be unionized
---
ERROR: -(18):
    Cannot declare ROM sections as UNION
ERROR: -(18):
    Cannot create section "overlaid data" (1 errors)
