error: Unable to place "test" (WRAMX section) in bank $02 with align mask ffffffc0
---
