ERROR: divzero-section-bank.asm(1):
	division by zero
