aqfj: $FE00
cxje: $FE01
dgsd: $FE02
dork: $0
lxok: $FE04
psgp: $FE05
sfly: $FE06
syyq: $FE07
ussg: $FE08
xlmm: $FE09
xtzp: $FE0A
zxfr: $FE0B
