error: Section "conflicting address" is defined with conflicting addresses $beef and $babe
---
ERROR: -(16):
    Section "conflicting address" already declared as fixed at different address $beef
ERROR: -(16):
    Cannot create section "conflicting address" (1 errors)
