warning: v1: VRAM bank 1 can't be used with option -d.
error: Sanity checks failed
